// Jest Snapshot v1, https://goo.gl/fbAQLP

exports[`Search is working correctly! 1`] = `undefined`;
